D:/PycharmProjects/spinedetection/test/1/original/images/0.png D:/PycharmProjects/spinedetection/test/1/original/labels/0.png
D:/PycharmProjects/spinedetection/test/1/original_flipped/images/0.png D:/PycharmProjects/spinedetection/test/1/original_flipped/labels/0.png
D:/PycharmProjects/spinedetection/test/1/original/images/1.png D:/PycharmProjects/spinedetection/test/1/original/labels/1.png
D:/PycharmProjects/spinedetection/test/1/original_flipped/images/1.png D:/PycharmProjects/spinedetection/test/1/original_flipped/labels/1.png
D:/PycharmProjects/spinedetection/test/1/original/images/2.png D:/PycharmProjects/spinedetection/test/1/original/labels/2.png
D:/PycharmProjects/spinedetection/test/1/original_flipped/images/2.png D:/PycharmProjects/spinedetection/test/1/original_flipped/labels/2.png
D:/PycharmProjects/spinedetection/test/1/original/images/3.png D:/PycharmProjects/spinedetection/test/1/original/labels/3.png
D:/PycharmProjects/spinedetection/test/1/original_flipped/images/3.png D:/PycharmProjects/spinedetection/test/1/original_flipped/labels/3.png
D:/PycharmProjects/spinedetection/test/1/original/images/4.png D:/PycharmProjects/spinedetection/test/1/original/labels/4.png
D:/PycharmProjects/spinedetection/test/1/original_flipped/images/4.png D:/PycharmProjects/spinedetection/test/1/original_flipped/labels/4.png
D:/PycharmProjects/spinedetection/test/1/original/images/5.png D:/PycharmProjects/spinedetection/test/1/original/labels/5.png
D:/PycharmProjects/spinedetection/test/1/original_flipped/images/5.png D:/PycharmProjects/spinedetection/test/1/original_flipped/labels/5.png
D:/PycharmProjects/spinedetection/test/1/original/images/6.png D:/PycharmProjects/spinedetection/test/1/original/labels/6.png
D:/PycharmProjects/spinedetection/test/1/original_flipped/images/6.png D:/PycharmProjects/spinedetection/test/1/original_flipped/labels/6.png
D:/PycharmProjects/spinedetection/test/1/original/images/7.png D:/PycharmProjects/spinedetection/test/1/original/labels/7.png
D:/PycharmProjects/spinedetection/test/1/original_flipped/images/7.png D:/PycharmProjects/spinedetection/test/1/original_flipped/labels/7.png
D:/PycharmProjects/spinedetection/test/1/original/images/8.png D:/PycharmProjects/spinedetection/test/1/original/labels/8.png
D:/PycharmProjects/spinedetection/test/1/original_flipped/images/8.png D:/PycharmProjects/spinedetection/test/1/original_flipped/labels/8.png
D:/PycharmProjects/spinedetection/test/1/original/images/9.png D:/PycharmProjects/spinedetection/test/1/original/labels/9.png
D:/PycharmProjects/spinedetection/test/1/original_flipped/images/9.png D:/PycharmProjects/spinedetection/test/1/original_flipped/labels/9.png
D:/PycharmProjects/spinedetection/test/1/1.28_-13.54/images/0.png D:/PycharmProjects/spinedetection/test/1/1.28_-13.54/labels/0.png
D:/PycharmProjects/spinedetection/test/1/1.28_-13.54_flipped/images/0.png D:/PycharmProjects/spinedetection/test/1/1.28_-13.54_flipped/labels/0.png
D:/PycharmProjects/spinedetection/test/1/1.28_-13.54/images/1.png D:/PycharmProjects/spinedetection/test/1/1.28_-13.54/labels/1.png
D:/PycharmProjects/spinedetection/test/1/1.28_-13.54_flipped/images/1.png D:/PycharmProjects/spinedetection/test/1/1.28_-13.54_flipped/labels/1.png
D:/PycharmProjects/spinedetection/test/1/1.28_-13.54/images/2.png D:/PycharmProjects/spinedetection/test/1/1.28_-13.54/labels/2.png
D:/PycharmProjects/spinedetection/test/1/1.28_-13.54_flipped/images/2.png D:/PycharmProjects/spinedetection/test/1/1.28_-13.54_flipped/labels/2.png
D:/PycharmProjects/spinedetection/test/1/1.28_-13.54/images/3.png D:/PycharmProjects/spinedetection/test/1/1.28_-13.54/labels/3.png
D:/PycharmProjects/spinedetection/test/1/1.28_-13.54_flipped/images/3.png D:/PycharmProjects/spinedetection/test/1/1.28_-13.54_flipped/labels/3.png
D:/PycharmProjects/spinedetection/test/1/1.28_-13.54/images/4.png D:/PycharmProjects/spinedetection/test/1/1.28_-13.54/labels/4.png
D:/PycharmProjects/spinedetection/test/1/1.28_-13.54_flipped/images/4.png D:/PycharmProjects/spinedetection/test/1/1.28_-13.54_flipped/labels/4.png
D:/PycharmProjects/spinedetection/test/1/1.28_-13.54/images/5.png D:/PycharmProjects/spinedetection/test/1/1.28_-13.54/labels/5.png
D:/PycharmProjects/spinedetection/test/1/1.28_-13.54_flipped/images/5.png D:/PycharmProjects/spinedetection/test/1/1.28_-13.54_flipped/labels/5.png
D:/PycharmProjects/spinedetection/test/1/1.28_-13.54/images/6.png D:/PycharmProjects/spinedetection/test/1/1.28_-13.54/labels/6.png
D:/PycharmProjects/spinedetection/test/1/1.28_-13.54_flipped/images/6.png D:/PycharmProjects/spinedetection/test/1/1.28_-13.54_flipped/labels/6.png
D:/PycharmProjects/spinedetection/test/1/1.28_-13.54/images/7.png D:/PycharmProjects/spinedetection/test/1/1.28_-13.54/labels/7.png
D:/PycharmProjects/spinedetection/test/1/1.28_-13.54_flipped/images/7.png D:/PycharmProjects/spinedetection/test/1/1.28_-13.54_flipped/labels/7.png
D:/PycharmProjects/spinedetection/test/1/1.28_-13.54/images/8.png D:/PycharmProjects/spinedetection/test/1/1.28_-13.54/labels/8.png
D:/PycharmProjects/spinedetection/test/1/1.28_-13.54_flipped/images/8.png D:/PycharmProjects/spinedetection/test/1/1.28_-13.54_flipped/labels/8.png
D:/PycharmProjects/spinedetection/test/1/1.28_-13.54/images/9.png D:/PycharmProjects/spinedetection/test/1/1.28_-13.54/labels/9.png
D:/PycharmProjects/spinedetection/test/1/1.28_-13.54_flipped/images/9.png D:/PycharmProjects/spinedetection/test/1/1.28_-13.54_flipped/labels/9.png
D:/PycharmProjects/spinedetection/test/1/1.28_-13.54/images/10.png D:/PycharmProjects/spinedetection/test/1/1.28_-13.54/labels/10.png
D:/PycharmProjects/spinedetection/test/1/1.28_-13.54_flipped/images/10.png D:/PycharmProjects/spinedetection/test/1/1.28_-13.54_flipped/labels/10.png
D:/PycharmProjects/spinedetection/test/1/1.28_-13.54/images/11.png D:/PycharmProjects/spinedetection/test/1/1.28_-13.54/labels/11.png
D:/PycharmProjects/spinedetection/test/1/1.28_-13.54_flipped/images/11.png D:/PycharmProjects/spinedetection/test/1/1.28_-13.54_flipped/labels/11.png
D:/PycharmProjects/spinedetection/test/1/1.28_-13.54/images/12.png D:/PycharmProjects/spinedetection/test/1/1.28_-13.54/labels/12.png
D:/PycharmProjects/spinedetection/test/1/1.28_-13.54_flipped/images/12.png D:/PycharmProjects/spinedetection/test/1/1.28_-13.54_flipped/labels/12.png
D:/PycharmProjects/spinedetection/test/1/1.28_-13.54/images/13.png D:/PycharmProjects/spinedetection/test/1/1.28_-13.54/labels/13.png
D:/PycharmProjects/spinedetection/test/1/1.28_-13.54_flipped/images/13.png D:/PycharmProjects/spinedetection/test/1/1.28_-13.54_flipped/labels/13.png
D:/PycharmProjects/spinedetection/test/1/1.28_-13.54/images/14.png D:/PycharmProjects/spinedetection/test/1/1.28_-13.54/labels/14.png
D:/PycharmProjects/spinedetection/test/1/1.28_-13.54_flipped/images/14.png D:/PycharmProjects/spinedetection/test/1/1.28_-13.54_flipped/labels/14.png
D:/PycharmProjects/spinedetection/test/1/1.28_-13.54/images/15.png D:/PycharmProjects/spinedetection/test/1/1.28_-13.54/labels/15.png
D:/PycharmProjects/spinedetection/test/1/1.28_-13.54_flipped/images/15.png D:/PycharmProjects/spinedetection/test/1/1.28_-13.54_flipped/labels/15.png
D:/PycharmProjects/spinedetection/test/1/1.28_-13.54/images/16.png D:/PycharmProjects/spinedetection/test/1/1.28_-13.54/labels/16.png
D:/PycharmProjects/spinedetection/test/1/1.28_-13.54_flipped/images/16.png D:/PycharmProjects/spinedetection/test/1/1.28_-13.54_flipped/labels/16.png
D:/PycharmProjects/spinedetection/test/1/1.28_-13.54/images/17.png D:/PycharmProjects/spinedetection/test/1/1.28_-13.54/labels/17.png
D:/PycharmProjects/spinedetection/test/1/1.28_-13.54_flipped/images/17.png D:/PycharmProjects/spinedetection/test/1/1.28_-13.54_flipped/labels/17.png
D:/PycharmProjects/spinedetection/test/1/1.28_-13.54/images/18.png D:/PycharmProjects/spinedetection/test/1/1.28_-13.54/labels/18.png
D:/PycharmProjects/spinedetection/test/1/1.28_-13.54_flipped/images/18.png D:/PycharmProjects/spinedetection/test/1/1.28_-13.54_flipped/labels/18.png
D:/PycharmProjects/spinedetection/test/1/1.28_-13.54/images/19.png D:/PycharmProjects/spinedetection/test/1/1.28_-13.54/labels/19.png
D:/PycharmProjects/spinedetection/test/1/1.28_-13.54_flipped/images/19.png D:/PycharmProjects/spinedetection/test/1/1.28_-13.54_flipped/labels/19.png
D:/PycharmProjects/spinedetection/test/1/1.28_-13.54/images/20.png D:/PycharmProjects/spinedetection/test/1/1.28_-13.54/labels/20.png
D:/PycharmProjects/spinedetection/test/1/1.28_-13.54_flipped/images/20.png D:/PycharmProjects/spinedetection/test/1/1.28_-13.54_flipped/labels/20.png
D:/PycharmProjects/spinedetection/test/1/1.28_-13.54/images/21.png D:/PycharmProjects/spinedetection/test/1/1.28_-13.54/labels/21.png
D:/PycharmProjects/spinedetection/test/1/1.28_-13.54_flipped/images/21.png D:/PycharmProjects/spinedetection/test/1/1.28_-13.54_flipped/labels/21.png
D:/PycharmProjects/spinedetection/test/1/1.28_-13.54/images/22.png D:/PycharmProjects/spinedetection/test/1/1.28_-13.54/labels/22.png
D:/PycharmProjects/spinedetection/test/1/1.28_-13.54_flipped/images/22.png D:/PycharmProjects/spinedetection/test/1/1.28_-13.54_flipped/labels/22.png
D:/PycharmProjects/spinedetection/test/1/1.28_-13.54/images/23.png D:/PycharmProjects/spinedetection/test/1/1.28_-13.54/labels/23.png
D:/PycharmProjects/spinedetection/test/1/1.28_-13.54_flipped/images/23.png D:/PycharmProjects/spinedetection/test/1/1.28_-13.54_flipped/labels/23.png
D:/PycharmProjects/spinedetection/test/1/1.28_-13.54/images/24.png D:/PycharmProjects/spinedetection/test/1/1.28_-13.54/labels/24.png
D:/PycharmProjects/spinedetection/test/1/1.28_-13.54_flipped/images/24.png D:/PycharmProjects/spinedetection/test/1/1.28_-13.54_flipped/labels/24.png
D:/PycharmProjects/spinedetection/test/1/1.28_-13.54/images/25.png D:/PycharmProjects/spinedetection/test/1/1.28_-13.54/labels/25.png
D:/PycharmProjects/spinedetection/test/1/1.28_-13.54_flipped/images/25.png D:/PycharmProjects/spinedetection/test/1/1.28_-13.54_flipped/labels/25.png
D:/PycharmProjects/spinedetection/test/1/1.28_-13.54/images/26.png D:/PycharmProjects/spinedetection/test/1/1.28_-13.54/labels/26.png
D:/PycharmProjects/spinedetection/test/1/1.28_-13.54_flipped/images/26.png D:/PycharmProjects/spinedetection/test/1/1.28_-13.54_flipped/labels/26.png
D:/PycharmProjects/spinedetection/test/1/1.28_-13.54/images/27.png D:/PycharmProjects/spinedetection/test/1/1.28_-13.54/labels/27.png
D:/PycharmProjects/spinedetection/test/1/1.28_-13.54_flipped/images/27.png D:/PycharmProjects/spinedetection/test/1/1.28_-13.54_flipped/labels/27.png
D:/PycharmProjects/spinedetection/test/1/0.82_-14.26/images/0.png D:/PycharmProjects/spinedetection/test/1/0.82_-14.26/labels/0.png
D:/PycharmProjects/spinedetection/test/1/0.82_-14.26_flipped/images/0.png D:/PycharmProjects/spinedetection/test/1/0.82_-14.26_flipped/labels/0.png
D:/PycharmProjects/spinedetection/test/1/0.82_-14.26/images/1.png D:/PycharmProjects/spinedetection/test/1/0.82_-14.26/labels/1.png
D:/PycharmProjects/spinedetection/test/1/0.82_-14.26_flipped/images/1.png D:/PycharmProjects/spinedetection/test/1/0.82_-14.26_flipped/labels/1.png
D:/PycharmProjects/spinedetection/test/1/0.82_-14.26/images/2.png D:/PycharmProjects/spinedetection/test/1/0.82_-14.26/labels/2.png
D:/PycharmProjects/spinedetection/test/1/0.82_-14.26_flipped/images/2.png D:/PycharmProjects/spinedetection/test/1/0.82_-14.26_flipped/labels/2.png
D:/PycharmProjects/spinedetection/test/1/0.82_-14.26/images/3.png D:/PycharmProjects/spinedetection/test/1/0.82_-14.26/labels/3.png
D:/PycharmProjects/spinedetection/test/1/0.82_-14.26_flipped/images/3.png D:/PycharmProjects/spinedetection/test/1/0.82_-14.26_flipped/labels/3.png
D:/PycharmProjects/spinedetection/test/1/0.82_-14.26/images/4.png D:/PycharmProjects/spinedetection/test/1/0.82_-14.26/labels/4.png
D:/PycharmProjects/spinedetection/test/1/0.82_-14.26_flipped/images/4.png D:/PycharmProjects/spinedetection/test/1/0.82_-14.26_flipped/labels/4.png
D:/PycharmProjects/spinedetection/test/1/0.82_-14.26/images/5.png D:/PycharmProjects/spinedetection/test/1/0.82_-14.26/labels/5.png
D:/PycharmProjects/spinedetection/test/1/0.82_-14.26_flipped/images/5.png D:/PycharmProjects/spinedetection/test/1/0.82_-14.26_flipped/labels/5.png
D:/PycharmProjects/spinedetection/test/1/0.82_-14.26/images/6.png D:/PycharmProjects/spinedetection/test/1/0.82_-14.26/labels/6.png
D:/PycharmProjects/spinedetection/test/1/0.82_-14.26_flipped/images/6.png D:/PycharmProjects/spinedetection/test/1/0.82_-14.26_flipped/labels/6.png
D:/PycharmProjects/spinedetection/test/1/0.82_-14.26/images/7.png D:/PycharmProjects/spinedetection/test/1/0.82_-14.26/labels/7.png
D:/PycharmProjects/spinedetection/test/1/0.82_-14.26_flipped/images/7.png D:/PycharmProjects/spinedetection/test/1/0.82_-14.26_flipped/labels/7.png
D:/PycharmProjects/spinedetection/test/1/0.82_-14.26/images/8.png D:/PycharmProjects/spinedetection/test/1/0.82_-14.26/labels/8.png
D:/PycharmProjects/spinedetection/test/1/0.82_-14.26_flipped/images/8.png D:/PycharmProjects/spinedetection/test/1/0.82_-14.26_flipped/labels/8.png
D:/PycharmProjects/spinedetection/test/1/0.82_-14.26/images/9.png D:/PycharmProjects/spinedetection/test/1/0.82_-14.26/labels/9.png
D:/PycharmProjects/spinedetection/test/1/0.82_-14.26_flipped/images/9.png D:/PycharmProjects/spinedetection/test/1/0.82_-14.26_flipped/labels/9.png
D:/PycharmProjects/spinedetection/test/1/0.82_-14.26/images/10.png D:/PycharmProjects/spinedetection/test/1/0.82_-14.26/labels/10.png
D:/PycharmProjects/spinedetection/test/1/0.82_-14.26_flipped/images/10.png D:/PycharmProjects/spinedetection/test/1/0.82_-14.26_flipped/labels/10.png
D:/PycharmProjects/spinedetection/test/1/0.82_-14.26/images/11.png D:/PycharmProjects/spinedetection/test/1/0.82_-14.26/labels/11.png
D:/PycharmProjects/spinedetection/test/1/0.82_-14.26_flipped/images/11.png D:/PycharmProjects/spinedetection/test/1/0.82_-14.26_flipped/labels/11.png
D:/PycharmProjects/spinedetection/test/1/0.82_-14.26/images/12.png D:/PycharmProjects/spinedetection/test/1/0.82_-14.26/labels/12.png
D:/PycharmProjects/spinedetection/test/1/0.82_-14.26_flipped/images/12.png D:/PycharmProjects/spinedetection/test/1/0.82_-14.26_flipped/labels/12.png
D:/PycharmProjects/spinedetection/test/1/0.82_-14.26/images/13.png D:/PycharmProjects/spinedetection/test/1/0.82_-14.26/labels/13.png
D:/PycharmProjects/spinedetection/test/1/0.82_-14.26_flipped/images/13.png D:/PycharmProjects/spinedetection/test/1/0.82_-14.26_flipped/labels/13.png
D:/PycharmProjects/spinedetection/test/1/0.82_-14.26/images/14.png D:/PycharmProjects/spinedetection/test/1/0.82_-14.26/labels/14.png
D:/PycharmProjects/spinedetection/test/1/0.82_-14.26_flipped/images/14.png D:/PycharmProjects/spinedetection/test/1/0.82_-14.26_flipped/labels/14.png
D:/PycharmProjects/spinedetection/test/1/0.83_3.41/images/0.png D:/PycharmProjects/spinedetection/test/1/0.83_3.41/labels/0.png
D:/PycharmProjects/spinedetection/test/1/0.83_3.41_flipped/images/0.png D:/PycharmProjects/spinedetection/test/1/0.83_3.41_flipped/labels/0.png
D:/PycharmProjects/spinedetection/test/1/0.83_3.41/images/1.png D:/PycharmProjects/spinedetection/test/1/0.83_3.41/labels/1.png
D:/PycharmProjects/spinedetection/test/1/0.83_3.41_flipped/images/1.png D:/PycharmProjects/spinedetection/test/1/0.83_3.41_flipped/labels/1.png
D:/PycharmProjects/spinedetection/test/1/0.83_3.41/images/2.png D:/PycharmProjects/spinedetection/test/1/0.83_3.41/labels/2.png
D:/PycharmProjects/spinedetection/test/1/0.83_3.41_flipped/images/2.png D:/PycharmProjects/spinedetection/test/1/0.83_3.41_flipped/labels/2.png
D:/PycharmProjects/spinedetection/test/1/0.83_3.41/images/3.png D:/PycharmProjects/spinedetection/test/1/0.83_3.41/labels/3.png
D:/PycharmProjects/spinedetection/test/1/0.83_3.41_flipped/images/3.png D:/PycharmProjects/spinedetection/test/1/0.83_3.41_flipped/labels/3.png
D:/PycharmProjects/spinedetection/test/1/0.83_3.41/images/4.png D:/PycharmProjects/spinedetection/test/1/0.83_3.41/labels/4.png
D:/PycharmProjects/spinedetection/test/1/0.83_3.41_flipped/images/4.png D:/PycharmProjects/spinedetection/test/1/0.83_3.41_flipped/labels/4.png
D:/PycharmProjects/spinedetection/test/1/0.83_3.41/images/5.png D:/PycharmProjects/spinedetection/test/1/0.83_3.41/labels/5.png
D:/PycharmProjects/spinedetection/test/1/0.83_3.41_flipped/images/5.png D:/PycharmProjects/spinedetection/test/1/0.83_3.41_flipped/labels/5.png
D:/PycharmProjects/spinedetection/test/1/0.83_3.41/images/6.png D:/PycharmProjects/spinedetection/test/1/0.83_3.41/labels/6.png
D:/PycharmProjects/spinedetection/test/1/0.83_3.41_flipped/images/6.png D:/PycharmProjects/spinedetection/test/1/0.83_3.41_flipped/labels/6.png
D:/PycharmProjects/spinedetection/test/1/0.83_3.41/images/7.png D:/PycharmProjects/spinedetection/test/1/0.83_3.41/labels/7.png
D:/PycharmProjects/spinedetection/test/1/0.83_3.41_flipped/images/7.png D:/PycharmProjects/spinedetection/test/1/0.83_3.41_flipped/labels/7.png
D:/PycharmProjects/spinedetection/test/1/1.02_-11.21/images/0.png D:/PycharmProjects/spinedetection/test/1/1.02_-11.21/labels/0.png
D:/PycharmProjects/spinedetection/test/1/1.02_-11.21_flipped/images/0.png D:/PycharmProjects/spinedetection/test/1/1.02_-11.21_flipped/labels/0.png
D:/PycharmProjects/spinedetection/test/1/1.02_-11.21/images/1.png D:/PycharmProjects/spinedetection/test/1/1.02_-11.21/labels/1.png
D:/PycharmProjects/spinedetection/test/1/1.02_-11.21_flipped/images/1.png D:/PycharmProjects/spinedetection/test/1/1.02_-11.21_flipped/labels/1.png
D:/PycharmProjects/spinedetection/test/1/1.02_-11.21/images/2.png D:/PycharmProjects/spinedetection/test/1/1.02_-11.21/labels/2.png
D:/PycharmProjects/spinedetection/test/1/1.02_-11.21_flipped/images/2.png D:/PycharmProjects/spinedetection/test/1/1.02_-11.21_flipped/labels/2.png
D:/PycharmProjects/spinedetection/test/1/1.02_-11.21/images/3.png D:/PycharmProjects/spinedetection/test/1/1.02_-11.21/labels/3.png
D:/PycharmProjects/spinedetection/test/1/1.02_-11.21_flipped/images/3.png D:/PycharmProjects/spinedetection/test/1/1.02_-11.21_flipped/labels/3.png
D:/PycharmProjects/spinedetection/test/1/1.02_-11.21/images/4.png D:/PycharmProjects/spinedetection/test/1/1.02_-11.21/labels/4.png
D:/PycharmProjects/spinedetection/test/1/1.02_-11.21_flipped/images/4.png D:/PycharmProjects/spinedetection/test/1/1.02_-11.21_flipped/labels/4.png
D:/PycharmProjects/spinedetection/test/1/1.02_-11.21/images/5.png D:/PycharmProjects/spinedetection/test/1/1.02_-11.21/labels/5.png
D:/PycharmProjects/spinedetection/test/1/1.02_-11.21_flipped/images/5.png D:/PycharmProjects/spinedetection/test/1/1.02_-11.21_flipped/labels/5.png
D:/PycharmProjects/spinedetection/test/1/1.02_-11.21/images/6.png D:/PycharmProjects/spinedetection/test/1/1.02_-11.21/labels/6.png
D:/PycharmProjects/spinedetection/test/1/1.02_-11.21_flipped/images/6.png D:/PycharmProjects/spinedetection/test/1/1.02_-11.21_flipped/labels/6.png
D:/PycharmProjects/spinedetection/test/1/1.02_-11.21/images/7.png D:/PycharmProjects/spinedetection/test/1/1.02_-11.21/labels/7.png
D:/PycharmProjects/spinedetection/test/1/1.02_-11.21_flipped/images/7.png D:/PycharmProjects/spinedetection/test/1/1.02_-11.21_flipped/labels/7.png
D:/PycharmProjects/spinedetection/test/1/1.02_-11.21/images/8.png D:/PycharmProjects/spinedetection/test/1/1.02_-11.21/labels/8.png
D:/PycharmProjects/spinedetection/test/1/1.02_-11.21_flipped/images/8.png D:/PycharmProjects/spinedetection/test/1/1.02_-11.21_flipped/labels/8.png
D:/PycharmProjects/spinedetection/test/1/1.02_-11.21/images/9.png D:/PycharmProjects/spinedetection/test/1/1.02_-11.21/labels/9.png
D:/PycharmProjects/spinedetection/test/1/1.02_-11.21_flipped/images/9.png D:/PycharmProjects/spinedetection/test/1/1.02_-11.21_flipped/labels/9.png
D:/PycharmProjects/spinedetection/test/1/1.02_-11.21/images/10.png D:/PycharmProjects/spinedetection/test/1/1.02_-11.21/labels/10.png
D:/PycharmProjects/spinedetection/test/1/1.02_-11.21_flipped/images/10.png D:/PycharmProjects/spinedetection/test/1/1.02_-11.21_flipped/labels/10.png
D:/PycharmProjects/spinedetection/test/1/1.02_-11.21/images/11.png D:/PycharmProjects/spinedetection/test/1/1.02_-11.21/labels/11.png
D:/PycharmProjects/spinedetection/test/1/1.02_-11.21_flipped/images/11.png D:/PycharmProjects/spinedetection/test/1/1.02_-11.21_flipped/labels/11.png
D:/PycharmProjects/spinedetection/test/1/1.02_-11.21/images/12.png D:/PycharmProjects/spinedetection/test/1/1.02_-11.21/labels/12.png
D:/PycharmProjects/spinedetection/test/1/1.02_-11.21_flipped/images/12.png D:/PycharmProjects/spinedetection/test/1/1.02_-11.21_flipped/labels/12.png
D:/PycharmProjects/spinedetection/test/1/1.02_-11.21/images/13.png D:/PycharmProjects/spinedetection/test/1/1.02_-11.21/labels/13.png
D:/PycharmProjects/spinedetection/test/1/1.02_-11.21_flipped/images/13.png D:/PycharmProjects/spinedetection/test/1/1.02_-11.21_flipped/labels/13.png
D:/PycharmProjects/spinedetection/test/1/1.02_-11.21/images/14.png D:/PycharmProjects/spinedetection/test/1/1.02_-11.21/labels/14.png
D:/PycharmProjects/spinedetection/test/1/1.02_-11.21_flipped/images/14.png D:/PycharmProjects/spinedetection/test/1/1.02_-11.21_flipped/labels/14.png
D:/PycharmProjects/spinedetection/test/1/1.02_-11.21/images/15.png D:/PycharmProjects/spinedetection/test/1/1.02_-11.21/labels/15.png
D:/PycharmProjects/spinedetection/test/1/1.02_-11.21_flipped/images/15.png D:/PycharmProjects/spinedetection/test/1/1.02_-11.21_flipped/labels/15.png
D:/PycharmProjects/spinedetection/test/1/1.02_-11.21/images/16.png D:/PycharmProjects/spinedetection/test/1/1.02_-11.21/labels/16.png
D:/PycharmProjects/spinedetection/test/1/1.02_-11.21_flipped/images/16.png D:/PycharmProjects/spinedetection/test/1/1.02_-11.21_flipped/labels/16.png
D:/PycharmProjects/spinedetection/test/1/1.02_-11.21/images/17.png D:/PycharmProjects/spinedetection/test/1/1.02_-11.21/labels/17.png
D:/PycharmProjects/spinedetection/test/1/1.02_-11.21_flipped/images/17.png D:/PycharmProjects/spinedetection/test/1/1.02_-11.21_flipped/labels/17.png
D:/PycharmProjects/spinedetection/test/1/1.13_-15.01/images/0.png D:/PycharmProjects/spinedetection/test/1/1.13_-15.01/labels/0.png
D:/PycharmProjects/spinedetection/test/1/1.13_-15.01_flipped/images/0.png D:/PycharmProjects/spinedetection/test/1/1.13_-15.01_flipped/labels/0.png
D:/PycharmProjects/spinedetection/test/1/1.13_-15.01/images/1.png D:/PycharmProjects/spinedetection/test/1/1.13_-15.01/labels/1.png
D:/PycharmProjects/spinedetection/test/1/1.13_-15.01_flipped/images/1.png D:/PycharmProjects/spinedetection/test/1/1.13_-15.01_flipped/labels/1.png
D:/PycharmProjects/spinedetection/test/1/1.13_-15.01/images/2.png D:/PycharmProjects/spinedetection/test/1/1.13_-15.01/labels/2.png
D:/PycharmProjects/spinedetection/test/1/1.13_-15.01_flipped/images/2.png D:/PycharmProjects/spinedetection/test/1/1.13_-15.01_flipped/labels/2.png
D:/PycharmProjects/spinedetection/test/1/1.13_-15.01/images/3.png D:/PycharmProjects/spinedetection/test/1/1.13_-15.01/labels/3.png
D:/PycharmProjects/spinedetection/test/1/1.13_-15.01_flipped/images/3.png D:/PycharmProjects/spinedetection/test/1/1.13_-15.01_flipped/labels/3.png
D:/PycharmProjects/spinedetection/test/1/1.13_-15.01/images/4.png D:/PycharmProjects/spinedetection/test/1/1.13_-15.01/labels/4.png
D:/PycharmProjects/spinedetection/test/1/1.13_-15.01_flipped/images/4.png D:/PycharmProjects/spinedetection/test/1/1.13_-15.01_flipped/labels/4.png
D:/PycharmProjects/spinedetection/test/1/1.13_-15.01/images/5.png D:/PycharmProjects/spinedetection/test/1/1.13_-15.01/labels/5.png
D:/PycharmProjects/spinedetection/test/1/1.13_-15.01_flipped/images/5.png D:/PycharmProjects/spinedetection/test/1/1.13_-15.01_flipped/labels/5.png
D:/PycharmProjects/spinedetection/test/1/1.13_-15.01/images/6.png D:/PycharmProjects/spinedetection/test/1/1.13_-15.01/labels/6.png
D:/PycharmProjects/spinedetection/test/1/1.13_-15.01_flipped/images/6.png D:/PycharmProjects/spinedetection/test/1/1.13_-15.01_flipped/labels/6.png
D:/PycharmProjects/spinedetection/test/1/1.13_-15.01/images/7.png D:/PycharmProjects/spinedetection/test/1/1.13_-15.01/labels/7.png
D:/PycharmProjects/spinedetection/test/1/1.13_-15.01_flipped/images/7.png D:/PycharmProjects/spinedetection/test/1/1.13_-15.01_flipped/labels/7.png
D:/PycharmProjects/spinedetection/test/1/1.13_-15.01/images/8.png D:/PycharmProjects/spinedetection/test/1/1.13_-15.01/labels/8.png
D:/PycharmProjects/spinedetection/test/1/1.13_-15.01_flipped/images/8.png D:/PycharmProjects/spinedetection/test/1/1.13_-15.01_flipped/labels/8.png
D:/PycharmProjects/spinedetection/test/1/1.13_-15.01/images/9.png D:/PycharmProjects/spinedetection/test/1/1.13_-15.01/labels/9.png
D:/PycharmProjects/spinedetection/test/1/1.13_-15.01_flipped/images/9.png D:/PycharmProjects/spinedetection/test/1/1.13_-15.01_flipped/labels/9.png
D:/PycharmProjects/spinedetection/test/1/1.13_-15.01/images/10.png D:/PycharmProjects/spinedetection/test/1/1.13_-15.01/labels/10.png
D:/PycharmProjects/spinedetection/test/1/1.13_-15.01_flipped/images/10.png D:/PycharmProjects/spinedetection/test/1/1.13_-15.01_flipped/labels/10.png
D:/PycharmProjects/spinedetection/test/1/1.13_-15.01/images/11.png D:/PycharmProjects/spinedetection/test/1/1.13_-15.01/labels/11.png
D:/PycharmProjects/spinedetection/test/1/1.13_-15.01_flipped/images/11.png D:/PycharmProjects/spinedetection/test/1/1.13_-15.01_flipped/labels/11.png
D:/PycharmProjects/spinedetection/test/1/1.13_-15.01/images/12.png D:/PycharmProjects/spinedetection/test/1/1.13_-15.01/labels/12.png
D:/PycharmProjects/spinedetection/test/1/1.13_-15.01_flipped/images/12.png D:/PycharmProjects/spinedetection/test/1/1.13_-15.01_flipped/labels/12.png
D:/PycharmProjects/spinedetection/test/1/1.13_-15.01/images/13.png D:/PycharmProjects/spinedetection/test/1/1.13_-15.01/labels/13.png
D:/PycharmProjects/spinedetection/test/1/1.13_-15.01_flipped/images/13.png D:/PycharmProjects/spinedetection/test/1/1.13_-15.01_flipped/labels/13.png
D:/PycharmProjects/spinedetection/test/1/1.13_-15.01/images/14.png D:/PycharmProjects/spinedetection/test/1/1.13_-15.01/labels/14.png
D:/PycharmProjects/spinedetection/test/1/1.13_-15.01_flipped/images/14.png D:/PycharmProjects/spinedetection/test/1/1.13_-15.01_flipped/labels/14.png
D:/PycharmProjects/spinedetection/test/1/1.13_-15.01/images/15.png D:/PycharmProjects/spinedetection/test/1/1.13_-15.01/labels/15.png
D:/PycharmProjects/spinedetection/test/1/1.13_-15.01_flipped/images/15.png D:/PycharmProjects/spinedetection/test/1/1.13_-15.01_flipped/labels/15.png
D:/PycharmProjects/spinedetection/test/1/1.13_-15.01/images/16.png D:/PycharmProjects/spinedetection/test/1/1.13_-15.01/labels/16.png
D:/PycharmProjects/spinedetection/test/1/1.13_-15.01_flipped/images/16.png D:/PycharmProjects/spinedetection/test/1/1.13_-15.01_flipped/labels/16.png
D:/PycharmProjects/spinedetection/test/1/1.13_-15.01/images/17.png D:/PycharmProjects/spinedetection/test/1/1.13_-15.01/labels/17.png
D:/PycharmProjects/spinedetection/test/1/1.13_-15.01_flipped/images/17.png D:/PycharmProjects/spinedetection/test/1/1.13_-15.01_flipped/labels/17.png
D:/PycharmProjects/spinedetection/test/1/1.13_-15.01/images/18.png D:/PycharmProjects/spinedetection/test/1/1.13_-15.01/labels/18.png
D:/PycharmProjects/spinedetection/test/1/1.13_-15.01_flipped/images/18.png D:/PycharmProjects/spinedetection/test/1/1.13_-15.01_flipped/labels/18.png
D:/PycharmProjects/spinedetection/test/1/1.13_-15.01/images/19.png D:/PycharmProjects/spinedetection/test/1/1.13_-15.01/labels/19.png
D:/PycharmProjects/spinedetection/test/1/1.13_-15.01_flipped/images/19.png D:/PycharmProjects/spinedetection/test/1/1.13_-15.01_flipped/labels/19.png
D:/PycharmProjects/spinedetection/test/1/1.13_-15.01/images/20.png D:/PycharmProjects/spinedetection/test/1/1.13_-15.01/labels/20.png
D:/PycharmProjects/spinedetection/test/1/1.13_-15.01_flipped/images/20.png D:/PycharmProjects/spinedetection/test/1/1.13_-15.01_flipped/labels/20.png
D:/PycharmProjects/spinedetection/test/1/1.13_-15.01/images/21.png D:/PycharmProjects/spinedetection/test/1/1.13_-15.01/labels/21.png
D:/PycharmProjects/spinedetection/test/1/1.13_-15.01_flipped/images/21.png D:/PycharmProjects/spinedetection/test/1/1.13_-15.01_flipped/labels/21.png
D:/PycharmProjects/spinedetection/test/1/1.13_-15.01/images/22.png D:/PycharmProjects/spinedetection/test/1/1.13_-15.01/labels/22.png
D:/PycharmProjects/spinedetection/test/1/1.13_-15.01_flipped/images/22.png D:/PycharmProjects/spinedetection/test/1/1.13_-15.01_flipped/labels/22.png
D:/PycharmProjects/spinedetection/test/1/1.13_-15.01/images/23.png D:/PycharmProjects/spinedetection/test/1/1.13_-15.01/labels/23.png
D:/PycharmProjects/spinedetection/test/1/1.13_-15.01_flipped/images/23.png D:/PycharmProjects/spinedetection/test/1/1.13_-15.01_flipped/labels/23.png
D:/PycharmProjects/spinedetection/test/1/0.81_-7.58/images/0.png D:/PycharmProjects/spinedetection/test/1/0.81_-7.58/labels/0.png
D:/PycharmProjects/spinedetection/test/1/0.81_-7.58_flipped/images/0.png D:/PycharmProjects/spinedetection/test/1/0.81_-7.58_flipped/labels/0.png
D:/PycharmProjects/spinedetection/test/1/0.81_-7.58/images/1.png D:/PycharmProjects/spinedetection/test/1/0.81_-7.58/labels/1.png
D:/PycharmProjects/spinedetection/test/1/0.81_-7.58_flipped/images/1.png D:/PycharmProjects/spinedetection/test/1/0.81_-7.58_flipped/labels/1.png
D:/PycharmProjects/spinedetection/test/1/0.81_-7.58/images/2.png D:/PycharmProjects/spinedetection/test/1/0.81_-7.58/labels/2.png
D:/PycharmProjects/spinedetection/test/1/0.81_-7.58_flipped/images/2.png D:/PycharmProjects/spinedetection/test/1/0.81_-7.58_flipped/labels/2.png
D:/PycharmProjects/spinedetection/test/1/0.81_-7.58/images/3.png D:/PycharmProjects/spinedetection/test/1/0.81_-7.58/labels/3.png
D:/PycharmProjects/spinedetection/test/1/0.81_-7.58_flipped/images/3.png D:/PycharmProjects/spinedetection/test/1/0.81_-7.58_flipped/labels/3.png
D:/PycharmProjects/spinedetection/test/1/0.81_-7.58/images/4.png D:/PycharmProjects/spinedetection/test/1/0.81_-7.58/labels/4.png
D:/PycharmProjects/spinedetection/test/1/0.81_-7.58_flipped/images/4.png D:/PycharmProjects/spinedetection/test/1/0.81_-7.58_flipped/labels/4.png
D:/PycharmProjects/spinedetection/test/1/0.81_-7.58/images/5.png D:/PycharmProjects/spinedetection/test/1/0.81_-7.58/labels/5.png
D:/PycharmProjects/spinedetection/test/1/0.81_-7.58_flipped/images/5.png D:/PycharmProjects/spinedetection/test/1/0.81_-7.58_flipped/labels/5.png
D:/PycharmProjects/spinedetection/test/1/0.81_-7.58/images/6.png D:/PycharmProjects/spinedetection/test/1/0.81_-7.58/labels/6.png
D:/PycharmProjects/spinedetection/test/1/0.81_-7.58_flipped/images/6.png D:/PycharmProjects/spinedetection/test/1/0.81_-7.58_flipped/labels/6.png
D:/PycharmProjects/spinedetection/test/1/0.81_-7.58/images/7.png D:/PycharmProjects/spinedetection/test/1/0.81_-7.58/labels/7.png
D:/PycharmProjects/spinedetection/test/1/0.81_-7.58_flipped/images/7.png D:/PycharmProjects/spinedetection/test/1/0.81_-7.58_flipped/labels/7.png
D:/PycharmProjects/spinedetection/test/10/original/images/0.png D:/PycharmProjects/spinedetection/test/10/original/labels/0.png
D:/PycharmProjects/spinedetection/test/10/original_flipped/images/0.png D:/PycharmProjects/spinedetection/test/10/original_flipped/labels/0.png
D:/PycharmProjects/spinedetection/test/10/original/images/1.png D:/PycharmProjects/spinedetection/test/10/original/labels/1.png
D:/PycharmProjects/spinedetection/test/10/original_flipped/images/1.png D:/PycharmProjects/spinedetection/test/10/original_flipped/labels/1.png
D:/PycharmProjects/spinedetection/test/10/original/images/2.png D:/PycharmProjects/spinedetection/test/10/original/labels/2.png
D:/PycharmProjects/spinedetection/test/10/original_flipped/images/2.png D:/PycharmProjects/spinedetection/test/10/original_flipped/labels/2.png
D:/PycharmProjects/spinedetection/test/10/original/images/3.png D:/PycharmProjects/spinedetection/test/10/original/labels/3.png
D:/PycharmProjects/spinedetection/test/10/original_flipped/images/3.png D:/PycharmProjects/spinedetection/test/10/original_flipped/labels/3.png
D:/PycharmProjects/spinedetection/test/10/original/images/4.png D:/PycharmProjects/spinedetection/test/10/original/labels/4.png
D:/PycharmProjects/spinedetection/test/10/original_flipped/images/4.png D:/PycharmProjects/spinedetection/test/10/original_flipped/labels/4.png
D:/PycharmProjects/spinedetection/test/10/original/images/5.png D:/PycharmProjects/spinedetection/test/10/original/labels/5.png
D:/PycharmProjects/spinedetection/test/10/original_flipped/images/5.png D:/PycharmProjects/spinedetection/test/10/original_flipped/labels/5.png
D:/PycharmProjects/spinedetection/test/10/original/images/6.png D:/PycharmProjects/spinedetection/test/10/original/labels/6.png
